0 verbose cli /.sprite/languages/node/nvm/versions/node/v24.18.0/bin/node /.sprite/languages/node/nvm/versions/node/v24.18.0/lib/node_modules/npm/bin/npm-cli.js
1 info using npm@12.0.1
2 info using node@v24.18.0
3 silly config load:file:/.sprite/languages/node/nvm/versions/node/v24.18.0/lib/node_modules/npm/npmrc
4 silly config load:file:/home/sprite/.npmrc
5 silly config load:file:/.sprite/languages/node/nvm/versions/node/v24.18.0/etc/npmrc
6 verbose title npm exec tsx scripts/enginetest.ts
7 verbose argv "exec" "--" "tsx" "scripts/enginetest.ts"
8 verbose logfile logs-max:10 dir:/home/sprite/.npm/_logs/2026-09-18T16_10_02_882Z-
9 verbose logfile /home/sprite/.npm/_logs/2026-09-18T16_10_02_882Z-debug-0.log
10 silly logfile done cleaning log files
11 silly packumentCache heap:4496293888 maxSize:1124073472 maxEntrySize:562036736
12 verbose shrinkwrap failed to load node_modules/.package-lock.json out of date, updated: node_modules
13 http fetch GET 200 https://registry.npmjs.org/tsx 119ms (cache miss)
14 silly packumentCache heap:4496293888 maxSize:1124073472 maxEntrySize:562036736
15 silly packumentCache heap:4496293888 maxSize:1124073472 maxEntrySize:562036736
16 warn exec The following package was not found and will be installed: tsx@4.23.13
17 silly idealTree buildDeps
18 silly fetch manifest tsx@4.23.13
19 silly packumentCache full:https://registry.npmjs.org/tsx cache-miss
20 http fetch GET 200 https://registry.npmjs.org/tsx 52ms (cache revalidated)
21 silly packumentCache full:https://registry.npmjs.org/tsx set size:344351 disposed:false
22 silly placeDep ROOT tsx@4.23.13 OK for:  want: 4.23.13
23 silly fetch manifest esbuild@~0.28.0
24 silly packumentCache full:https://registry.npmjs.org/esbuild cache-miss
25 silly fetch manifest fsevents@~2.3.3
26 silly packumentCache full:https://registry.npmjs.org/fsevents cache-miss
27 http fetch GET 200 https://registry.npmjs.org/fsevents 53ms (cache revalidated)
28 silly packumentCache full:https://registry.npmjs.org/fsevents set size:182472 disposed:false
29 http fetch GET 200 https://registry.npmjs.org/esbuild 75ms (cache revalidated)
30 silly packumentCache full:https://registry.npmjs.org/esbuild set size:1264676 disposed:false
31 silly placeDep ROOT esbuild@0.28.2 OK for: tsx@4.23.13 want: ~0.28.0
32 silly placeDep ROOT fsevents@2.3.3 OK for: tsx@4.23.13 want: ~2.3.3
33 silly fetch manifest @esbuild/aix-ppc64@0.28.2
34 silly packumentCache full:https://registry.npmjs.org/@esbuild%2faix-ppc64 cache-miss
35 silly fetch manifest @esbuild/linux-arm@0.28.2
36 silly packumentCache full:https://registry.npmjs.org/@esbuild%2flinux-arm cache-miss
37 silly fetch manifest @esbuild/linux-x64@0.28.2
38 silly packumentCache full:https://registry.npmjs.org/@esbuild%2flinux-x64 cache-miss
39 silly fetch manifest @esbuild/sunos-x64@0.28.2
40 silly packumentCache full:https://registry.npmjs.org/@esbuild%2fsunos-x64 cache-miss
41 silly fetch manifest @esbuild/win32-x64@0.28.2
42 silly packumentCache full:https://registry.npmjs.org/@esbuild%2fwin32-x64 cache-miss
43 silly fetch manifest @esbuild/darwin-x64@0.28.2
44 silly packumentCache full:https://registry.npmjs.org/@esbuild%2fdarwin-x64 cache-miss
45 silly fetch manifest @esbuild/linux-ia32@0.28.2
46 silly packumentCache full:https://registry.npmjs.org/@esbuild%2flinux-ia32 cache-miss
47 http fetch GET 200 https://registry.npmjs.org/@esbuild%2faix-ppc64 89ms (cache miss)
48 silly packumentCache full:https://registry.npmjs.org/@esbuild%2faix-ppc64 set size:undefined disposed:false
49 silly fetch manifest @esbuild/netbsd-x64@0.28.2
50 silly packumentCache full:https://registry.npmjs.org/@esbuild%2fnetbsd-x64 cache-miss
51 http fetch GET 200 https://registry.npmjs.org/@esbuild%2fwin32-x64 90ms (cache miss)
52 silly packumentCache full:https://registry.npmjs.org/@esbuild%2fwin32-x64 set size:undefined disposed:false
53 silly fetch manifest @esbuild/win32-ia32@0.28.2
54 silly packumentCache full:https://registry.npmjs.org/@esbuild%2fwin32-ia32 cache-miss
55 http fetch GET 200 https://registry.npmjs.org/@esbuild%2fsunos-x64 105ms (cache miss)
56 silly packumentCache full:https://registry.npmjs.org/@esbuild%2fsunos-x64 set size:undefined disposed:false
57 silly fetch manifest @esbuild/android-arm@0.28.2
58 silly packumentCache full:https://registry.npmjs.org/@esbuild%2fandroid-arm cache-miss
59 http fetch GET 200 https://registry.npmjs.org/@esbuild%2fdarwin-x64 111ms (cache miss)
60 silly packumentCache full:https://registry.npmjs.org/@esbuild%2fdarwin-x64 set size:undefined disposed:false
61 silly fetch manifest @esbuild/android-x64@0.28.2
62 silly packumentCache full:https://registry.npmjs.org/@esbuild%2fandroid-x64 cache-miss
63 http fetch GET 200 https://registry.npmjs.org/@esbuild%2flinux-arm 116ms (cache miss)
64 silly packumentCache full:https://registry.npmjs.org/@esbuild%2flinux-arm set size:undefined disposed:false
65 silly fetch manifest @esbuild/freebsd-x64@0.28.2
66 silly packumentCache full:https://registry.npmjs.org/@esbuild%2ffreebsd-x64 cache-miss
67 http fetch GET 200 https://registry.npmjs.org/@esbuild%2flinux-x64 123ms (cache miss)
68 silly packumentCache full:https://registry.npmjs.org/@esbuild%2flinux-x64 set size:undefined disposed:false
69 silly fetch manifest @esbuild/linux-arm64@0.28.2
70 silly packumentCache full:https://registry.npmjs.org/@esbuild%2flinux-arm64 cache-miss
71 http fetch GET 200 https://registry.npmjs.org/@esbuild%2flinux-ia32 131ms (cache miss)
72 silly packumentCache full:https://registry.npmjs.org/@esbuild%2flinux-ia32 set size:undefined disposed:false
73 silly fetch manifest @esbuild/linux-ppc64@0.28.2
74 silly packumentCache full:https://registry.npmjs.org/@esbuild%2flinux-ppc64 cache-miss
75 http fetch GET 200 https://registry.npmjs.org/@esbuild%2fnetbsd-x64 50ms (cache miss)
76 silly packumentCache full:https://registry.npmjs.org/@esbuild%2fnetbsd-x64 set size:undefined disposed:false
77 silly fetch manifest @esbuild/linux-s390x@0.28.2
78 silly packumentCache full:https://registry.npmjs.org/@esbuild%2flinux-s390x cache-miss
79 http fetch GET 200 https://registry.npmjs.org/@esbuild%2fwin32-ia32 59ms (cache miss)
80 silly packumentCache full:https://registry.npmjs.org/@esbuild%2fwin32-ia32 set size:undefined disposed:false
81 silly fetch manifest @esbuild/openbsd-x64@0.28.2
82 silly packumentCache full:https://registry.npmjs.org/@esbuild%2fopenbsd-x64 cache-miss
83 http fetch GET 200 https://registry.npmjs.org/@esbuild%2fandroid-x64 64ms (cache miss)
84 silly packumentCache full:https://registry.npmjs.org/@esbuild%2fandroid-x64 set size:undefined disposed:false
85 silly fetch manifest @esbuild/win32-arm64@0.28.2
86 silly packumentCache full:https://registry.npmjs.org/@esbuild%2fwin32-arm64 cache-miss
87 http fetch GET 200 https://registry.npmjs.org/@esbuild%2flinux-s390x 52ms (cache miss)
88 silly packumentCache full:https://registry.npmjs.org/@esbuild%2flinux-s390x set size:undefined disposed:false
89 silly fetch manifest @esbuild/darwin-arm64@0.28.2
90 silly packumentCache full:https://registry.npmjs.org/@esbuild%2fdarwin-arm64 cache-miss
91 http fetch GET 200 https://registry.npmjs.org/@esbuild%2fandroid-arm 91ms (cache miss)
92 silly packumentCache full:https://registry.npmjs.org/@esbuild%2fandroid-arm set size:undefined disposed:false
93 silly fetch manifest @esbuild/netbsd-arm64@0.28.2
94 silly packumentCache full:https://registry.npmjs.org/@esbuild%2fnetbsd-arm64 cache-miss
95 http fetch GET 200 https://registry.npmjs.org/@esbuild%2flinux-arm64 78ms (cache miss)
96 silly packumentCache full:https://registry.npmjs.org/@esbuild%2flinux-arm64 set size:undefined disposed:false
97 silly fetch manifest @esbuild/android-arm64@0.28.2
98 silly packumentCache full:https://registry.npmjs.org/@esbuild%2fandroid-arm64 cache-miss
99 http fetch GET 200 https://registry.npmjs.org/@esbuild%2flinux-ppc64 72ms (cache miss)
100 silly packumentCache full:https://registry.npmjs.org/@esbuild%2flinux-ppc64 set size:undefined disposed:false
101 silly fetch manifest @esbuild/freebsd-arm64@0.28.2
102 silly packumentCache full:https://registry.npmjs.org/@esbuild%2ffreebsd-arm64 cache-miss
103 http fetch GET 200 https://registry.npmjs.org/@esbuild%2ffreebsd-x64 92ms (cache miss)
104 silly packumentCache full:https://registry.npmjs.org/@esbuild%2ffreebsd-x64 set size:undefined disposed:false
105 silly fetch manifest @esbuild/linux-loong64@0.28.2
106 silly packumentCache full:https://registry.npmjs.org/@esbuild%2flinux-loong64 cache-miss
107 http fetch GET 200 https://registry.npmjs.org/@esbuild%2fopenbsd-x64 66ms (cache miss)
108 silly packumentCache full:https://registry.npmjs.org/@esbuild%2fopenbsd-x64 set size:undefined disposed:false
109 silly fetch manifest @esbuild/linux-riscv64@0.28.2
110 silly packumentCache full:https://registry.npmjs.org/@esbuild%2flinux-riscv64 cache-miss
111 http fetch GET 200 https://registry.npmjs.org/@esbuild%2fwin32-arm64 54ms (cache miss)
112 silly packumentCache full:https://registry.npmjs.org/@esbuild%2fwin32-arm64 set size:undefined disposed:false
113 silly fetch manifest @esbuild/openbsd-arm64@0.28.2
114 silly packumentCache full:https://registry.npmjs.org/@esbuild%2fopenbsd-arm64 cache-miss
115 http fetch GET 200 https://registry.npmjs.org/@esbuild%2fnetbsd-arm64 37ms (cache miss)
116 silly packumentCache full:https://registry.npmjs.org/@esbuild%2fnetbsd-arm64 set size:undefined disposed:false
117 silly fetch manifest @esbuild/linux-mips64el@0.28.2
118 silly packumentCache full:https://registry.npmjs.org/@esbuild%2flinux-mips64el cache-miss
119 http fetch GET 200 https://registry.npmjs.org/@esbuild%2fandroid-arm64 53ms (cache miss)
120 silly packumentCache full:https://registry.npmjs.org/@esbuild%2fandroid-arm64 set size:undefined disposed:false
121 silly fetch manifest @esbuild/openharmony-arm64@0.28.2
122 silly packumentCache full:https://registry.npmjs.org/@esbuild%2fopenharmony-arm64 cache-miss
123 http fetch GET 200 https://registry.npmjs.org/@esbuild%2fopenbsd-arm64 49ms (cache miss)
124 silly packumentCache full:https://registry.npmjs.org/@esbuild%2fopenbsd-arm64 set size:undefined disposed:false
125 http fetch GET 200 https://registry.npmjs.org/@esbuild%2flinux-riscv64 68ms (cache miss)
126 silly packumentCache full:https://registry.npmjs.org/@esbuild%2flinux-riscv64 set size:undefined disposed:false
127 http fetch GET 200 https://registry.npmjs.org/@esbuild%2fdarwin-arm64 96ms (cache miss)
128 silly packumentCache full:https://registry.npmjs.org/@esbuild%2fdarwin-arm64 set size:undefined disposed:false
129 http fetch GET 200 https://registry.npmjs.org/@esbuild%2ffreebsd-arm64 85ms (cache miss)
130 silly packumentCache full:https://registry.npmjs.org/@esbuild%2ffreebsd-arm64 set size:undefined disposed:false
131 http fetch GET 200 https://registry.npmjs.org/@esbuild%2flinux-mips64el 56ms (cache miss)
132 silly packumentCache full:https://registry.npmjs.org/@esbuild%2flinux-mips64el set size:undefined disposed:false
133 http fetch GET 200 https://registry.npmjs.org/@esbuild%2flinux-loong64 88ms (cache miss)
134 silly packumentCache full:https://registry.npmjs.org/@esbuild%2flinux-loong64 set size:undefined disposed:false
135 http fetch GET 200 https://registry.npmjs.org/@esbuild%2fopenharmony-arm64 52ms (cache miss)
136 silly packumentCache full:https://registry.npmjs.org/@esbuild%2fopenharmony-arm64 set size:undefined disposed:false
137 silly placeDep ROOT @esbuild/aix-ppc64@0.28.2 OK for: esbuild@0.28.2 want: 0.28.2
138 silly placeDep ROOT @esbuild/android-arm@0.28.2 OK for: esbuild@0.28.2 want: 0.28.2
139 silly placeDep ROOT @esbuild/android-arm64@0.28.2 OK for: esbuild@0.28.2 want: 0.28.2
140 silly placeDep ROOT @esbuild/android-x64@0.28.2 OK for: esbuild@0.28.2 want: 0.28.2
141 silly placeDep ROOT @esbuild/darwin-arm64@0.28.2 OK for: esbuild@0.28.2 want: 0.28.2
142 silly placeDep ROOT @esbuild/darwin-x64@0.28.2 OK for: esbuild@0.28.2 want: 0.28.2
143 silly placeDep ROOT @esbuild/freebsd-arm64@0.28.2 OK for: esbuild@0.28.2 want: 0.28.2
144 silly placeDep ROOT @esbuild/freebsd-x64@0.28.2 OK for: esbuild@0.28.2 want: 0.28.2
145 silly placeDep ROOT @esbuild/linux-arm@0.28.2 OK for: esbuild@0.28.2 want: 0.28.2
146 silly placeDep ROOT @esbuild/linux-arm64@0.28.2 OK for: esbuild@0.28.2 want: 0.28.2
147 silly placeDep ROOT @esbuild/linux-ia32@0.28.2 OK for: esbuild@0.28.2 want: 0.28.2
148 silly placeDep ROOT @esbuild/linux-loong64@0.28.2 OK for: esbuild@0.28.2 want: 0.28.2
149 silly placeDep ROOT @esbuild/linux-mips64el@0.28.2 OK for: esbuild@0.28.2 want: 0.28.2
150 silly placeDep ROOT @esbuild/linux-ppc64@0.28.2 OK for: esbuild@0.28.2 want: 0.28.2
151 silly placeDep ROOT @esbuild/linux-riscv64@0.28.2 OK for: esbuild@0.28.2 want: 0.28.2
152 silly placeDep ROOT @esbuild/linux-s390x@0.28.2 OK for: esbuild@0.28.2 want: 0.28.2
153 silly placeDep ROOT @esbuild/linux-x64@0.28.2 OK for: esbuild@0.28.2 want: 0.28.2
154 silly placeDep ROOT @esbuild/netbsd-arm64@0.28.2 OK for: esbuild@0.28.2 want: 0.28.2
155 silly placeDep ROOT @esbuild/netbsd-x64@0.28.2 OK for: esbuild@0.28.2 want: 0.28.2
156 silly placeDep ROOT @esbuild/openbsd-arm64@0.28.2 OK for: esbuild@0.28.2 want: 0.28.2
157 silly placeDep ROOT @esbuild/openbsd-x64@0.28.2 OK for: esbuild@0.28.2 want: 0.28.2
158 silly placeDep ROOT @esbuild/openharmony-arm64@0.28.2 OK for: esbuild@0.28.2 want: 0.28.2
159 silly placeDep ROOT @esbuild/sunos-x64@0.28.2 OK for: esbuild@0.28.2 want: 0.28.2
160 silly placeDep ROOT @esbuild/win32-arm64@0.28.2 OK for: esbuild@0.28.2 want: 0.28.2
161 silly placeDep ROOT @esbuild/win32-ia32@0.28.2 OK for: esbuild@0.28.2 want: 0.28.2
162 silly placeDep ROOT @esbuild/win32-x64@0.28.2 OK for: esbuild@0.28.2 want: 0.28.2
163 silly reify moves {}
164 silly audit bulk request {
164 silly audit   tsx: [ '4.23.13' ],
164 silly audit   esbuild: [ '0.28.2' ],
164 silly audit   fsevents: [ '2.3.3' ],
164 silly audit   '@esbuild/aix-ppc64': [ '0.28.2' ],
164 silly audit   '@esbuild/android-arm': [ '0.28.2' ],
164 silly audit   '@esbuild/android-arm64': [ '0.28.2' ],
164 silly audit   '@esbuild/android-x64': [ '0.28.2' ],
164 silly audit   '@esbuild/darwin-arm64': [ '0.28.2' ],
164 silly audit   '@esbuild/darwin-x64': [ '0.28.2' ],
164 silly audit   '@esbuild/freebsd-arm64': [ '0.28.2' ],
164 silly audit   '@esbuild/freebsd-x64': [ '0.28.2' ],
164 silly audit   '@esbuild/linux-arm': [ '0.28.2' ],
164 silly audit   '@esbuild/linux-arm64': [ '0.28.2' ],
164 silly audit   '@esbuild/linux-ia32': [ '0.28.2' ],
164 silly audit   '@esbuild/linux-loong64': [ '0.28.2' ],
164 silly audit   '@esbuild/linux-mips64el': [ '0.28.2' ],
164 silly audit   '@esbuild/linux-ppc64': [ '0.28.2' ],
164 silly audit   '@esbuild/linux-riscv64': [ '0.28.2' ],
164 silly audit   '@esbuild/linux-s390x': [ '0.28.2' ],
164 silly audit   '@esbuild/linux-x64': [ '0.28.2' ],
164 silly audit   '@esbuild/netbsd-arm64': [ '0.28.2' ],
164 silly audit   '@esbuild/netbsd-x64': [ '0.28.2' ],
164 silly audit   '@esbuild/openbsd-arm64': [ '0.28.2' ],
164 silly audit   '@esbuild/openbsd-x64': [ '0.28.2' ],
164 silly audit   '@esbuild/openharmony-arm64': [ '0.28.2' ],
164 silly audit   '@esbuild/sunos-x64': [ '0.28.2' ],
164 silly audit   '@esbuild/win32-arm64': [ '0.28.2' ],
164 silly audit   '@esbuild/win32-ia32': [ '0.28.2' ],
164 silly audit   '@esbuild/win32-x64': [ '0.28.2' ]
164 silly audit }
165 http cache esbuild@https://registry.npmjs.org/esbuild/-/esbuild-0.28.2.tgz 0ms (cache hit)
166 http cache tsx@https://registry.npmjs.org/tsx/-/tsx-4.23.13.tgz 0ms (cache hit)
167 http cache @esbuild/linux-x64@https://registry.npmjs.org/@esbuild/linux-x64/-/linux-x64-0.28.2.tgz 0ms (cache hit)
168 silly tarball no local data for esbuild@https://registry.npmjs.org/esbuild/-/esbuild-0.28.2.tgz. Extracting by manifest.
169 silly tarball no local data for tsx@https://registry.npmjs.org/tsx/-/tsx-4.23.13.tgz. Extracting by manifest.
170 silly tarball no local data for @esbuild/linux-x64@https://registry.npmjs.org/@esbuild/linux-x64/-/linux-x64-0.28.2.tgz. Extracting by manifest.
171 http fetch GET 200 https://registry.npmjs.org/esbuild/-/esbuild-0.28.2.tgz 109ms (cache miss)
172 http fetch GET 200 https://registry.npmjs.org/tsx/-/tsx-4.23.13.tgz 164ms (cache miss)
173 http fetch POST 200 https://registry.npmjs.org/-/npm/v1/security/advisories/bulk 203ms
174 silly audit report {}
175 http fetch GET 200 https://registry.npmjs.org/@esbuild/linux-x64/-/linux-x64-0.28.2.tgz 264ms (cache miss)
176 notice run app@0.0.0 npx
177 notice run 'tsx' scripts/enginetest.ts
178 verbose cwd /home/sprite
179 verbose os Linux 6.12.91-fly
180 verbose node v24.18.0
181 verbose npm  v12.0.1
182 verbose exit 1
183 verbose code 1
